Description: Curriculum research: Marx
---
Research the academic curriculum footprint and free-speech climate for: Marx
Scope: no scope restriction — cover all institutions/countries the evidence surfaces | Time range: no restriction — cover all years the evidence surfaces

Available tools: web_search, scrape_page. Use lens: curriculum for every web_search call below — it restricts results to curriculum, academic-freedom, and campus-climate data sources (Open Syllabus, PEN America, FIRE, AAUP, academic-freedom indices, and campus watchdogs across the political spectrum).

=== Step 1 — Syllabus Coverage ===
web_search lens=curriculum: "Marx" site:opensyllabus.org
Goal: how widely is this subject/author/text assigned, at which institutions, and how has assignment frequency shifted over time.
Note: the Open Syllabus corpus is ~65% US/Anglophone — a sparse or absent result means 'not indexed in this corpus,' not 'never assigned.'

=== Step 2 — US Institutional Climate ===
web_search lens=curriculum: "Marx" academic freedom site:fire.org OR site:aaup.org OR site:heterodoxacademy.org
web_search lens=curriculum: "Marx" site:pen.org
Goal: identify institutional policy statements, faculty free-speech rankings, or advocacy positions bearing on this subject.

=== Step 3 — Country-Level Academic Freedom Context ===
web_search lens=curriculum: academic freedom index Marx site:academic-freedom-index.net OR site:v-dem.net OR site:scholarsatrisk.org OR site:freedomhouse.org
Goal: place any findings in the context of the relevant country's academic-freedom trend — improving, stable, or declining.

=== Step 4 — Policy / Legislation ===
web_search lens=curriculum: Marx educational gag order bill legislation classroom restriction site:pen.org
web_search lens=curriculum: "Marx" bill legislation classroom restriction
Goal: surface any enacted, pending, failed, or vetoed legislation that would restrict teaching this subject, and its current status.

=== Step 5 — Watchdog / Incident Coverage ===
web_search lens=curriculum: "Marx" incident OR controversy site:adl.org OR site:amchainitiative.org OR site:hillel.org OR site:campusreform.org OR site:nas.org OR site:palestinelegal.org
web_search lens=curriculum: "Marx" site:hrw.org OR site:amnesty.org OR site:ohchr.org
Goal: surface incident reports and watchdog commentary spanning the political spectrum — cite each source's known orientation (advocacy group, civil-liberties monitor, etc.) rather than presenting any single watchdog as neutral.

=== Synthesis ===
Produce a cited summary covering: syllabus assignment frequency and coverage gaps, institutional climate signals, the relevant country's academic-freedom trend, any bearing legislation and its status, and watchdog/incident coverage with source orientation noted. Flag any claim resting on a single source.
